# command: lvs 2>&1; lvdisplay 2>&1
# rc: 0
# requires_root: True
# fetched: 2026-04-28T06:44:47.510189+00:00
#
Goodmit0802!
  LV     VG      Attr       LSize  Pool Origin Data%  Meta%  Move Log Cpy%Sync Convert
  root   rl      -wi-ao---- 43.41g                                                    
  swap   rl      -wi-ao----  5.00g                                                    
  lv_log vg_data -wi-ao---- 30.00g                                                    
  --- Logical volume ---
  LV Path                /dev/rl/swap
  LV Name                swap
  VG Name                rl
  LV UUID                mH1GLJ-CjGK-LIMi-fkNc-jOhj-2O95-HZaSKO
  LV Write Access        read/write
  LV Creation host, time localhost.localdomain, 2026-04-08 20:32:11 -0400
  LV Status              available
  # open                 2
  LV Size                5.00 GiB
  Current LE             1280
  Segments               1
  Allocation             inherit
  Read ahead sectors     auto
  - currently set to     256
  Block device           253:1
   
  --- Logical volume ---
  LV Path                /dev/rl/root
  LV Name                root
  VG Name                rl
  LV UUID                iLdIa0-b4rC-uu9Q-dxgU-oLzj-z19V-wiovSL
  LV Write Access        read/write
  LV Creation host, time localhost.localdomain, 2026-04-08 20:32:11 -0400
  LV Status              available
  # open                 1
  LV Size                43.41 GiB
  Current LE             11113
  Segments               1
  Allocation             inherit
  Read ahead sectors     auto
  - currently set to     256
  Block device           253:0
   
  --- Logical volume ---
  LV Path                /dev/vg_data/lv_log
  LV Name                lv_log
  VG Name                vg_data
  LV UUID                GbRrQB-OsmB-YQV4-md2x-dAQj-7dqW-13U2gY
  LV Write Access        read/write
  LV Creation host, time localhost.localdomain, 2026-04-13 19:55:46 -0400
  LV Status              available
  # open                 1
  LV Size                30.00 GiB
  Current LE             7680
  Segments               1
  Allocation             inherit
  Read ahead sectors     auto
  - currently set to     256
  Block device           253:2
   
