# command: pvs 2>&1; pvdisplay 2>&1
# rc: 0
# requires_root: True
# fetched: 2026-04-28T06:44:09.249452+00:00
#
Goodmit0802!
  PV         VG      Fmt  Attr PSize   PFree  
  /dev/sda3  rhel    lvm2 a--   48.41g      0 
  /dev/sdb1  vg_data lvm2 a--  <50.00g <20.00g
  --- Physical volume ---
  PV Name               /dev/sdb1
  VG Name               vg_data
  PV Size               <50.00 GiB / not usable 3.00 MiB
  Allocatable           yes 
  PE Size               4.00 MiB
  Total PE              12799
  Free PE               5119
  Allocated PE          7680
  PV UUID               MZejrM-Rp3W-MIph-Jt4q-uCgq-NEL7-pw3MVL
   
  --- Physical volume ---
  PV Name               /dev/sda3
  VG Name               rhel
  PV Size               48.41 GiB / not usable 2.00 MiB
  Allocatable           yes (but full)
  PE Size               4.00 MiB
  Total PE              12393
  Free PE               0
  Allocated PE          12393
  PV UUID               AzecMc-1SDk-hByg-XoSf-8XIa-ngLp-88qMdW
   
