# command: vgs 2>&1; vgdisplay 2>&1
# rc: 0
# requires_root: True
# fetched: 2026-04-28T06:44:05.298549+00:00
#
Goodmit0802!
Goodmit0802!
  VG        #PV #LV #SN Attr   VSize   VFree  
  ubuntu-vg   1   1   0 wz--n- <46.95g  23.47g
  vg_data     1   2   0 wz--n- <50.00g <19.90g
  --- Volume group ---
  VG Name               vg_data
  System ID             
  Format                lvm2
  Metadata Areas        1
  Metadata Sequence No  5
  VG Access             read/write
  VG Status             resizable
  MAX LV                0
  Cur LV                2
  Open LV               1
  Max PV                0
  Cur PV                1
  Act PV                1
  VG Size               <50.00 GiB
  PE Size               4.00 MiB
  Total PE              12799
  Alloc PE / Size       7705 / <30.10 GiB
  Free  PE / Size       5094 / <19.90 GiB
  VG UUID               WPXNqg-KAAg-TuqY-9v3g-kyI5-bOru-Aiiy4z
   
  --- Volume group ---
  VG Name               ubuntu-vg
  System ID             
  Format                lvm2
  Metadata Areas        1
  Metadata Sequence No  2
  VG Access             read/write
  VG Status             resizable
  MAX LV                0
  Cur LV                1
  Open LV               1
  Max PV                0
  Cur PV                1
  Act PV                1
  VG Size               <46.95 GiB
  PE Size               4.00 MiB
  Total PE              12018
  Alloc PE / Size       6009 / 23.47 GiB
  Free  PE / Size       6009 / 23.47 GiB
  VG UUID               H1qW3i-zgDL-sZhD-6Oik-yOmi-mLGt-UeZOFM
   
