# command: lvs 2>&1; lvdisplay 2>&1
# rc: 0
# requires_root: True
# fetched: 2026-04-28T06:44:05.781063+00:00
#
Goodmit0802!
Goodmit0802!
  LV        VG        Attr       LSize   Pool Origin Data%  Meta%  Move Log Cpy%Sync Convert
  ubuntu-lv ubuntu-vg -wi-ao----  23.47g                                                    
  lv_log    vg_data   -wi-ao----  30.00g                                                    
  lvol0     vg_data   -wi------- 100.00m                                                    
  --- Logical volume ---
  LV Path                /dev/vg_data/lv_log
  LV Name                lv_log
  VG Name                vg_data
  LV UUID                2bIPKG-D9Z0-1F1w-ZlFG-DMgd-6Pnw-9PslZe
  LV Write Access        read/write
  LV Creation host, time gathertest-ubuntu2404, 2026-04-13 23:55:46 +0000
  LV Status              available
  # open                 1
  LV Size                30.00 GiB
  Current LE             7680
  Segments               1
  Allocation             inherit
  Read ahead sectors     auto
  - currently set to     256
  Block device           252:1
   
  --- Logical volume ---
  LV Path                /dev/vg_data/lvol0
  LV Name                lvol0
  VG Name                vg_data
  LV UUID                KDy95h-c3Er-r5El-hQf7-Kifp-bVG1-4fpbi7
  LV Write Access        read/write
  LV Creation host, time gathertest-ubuntu2404, 2026-04-13 23:55:51 +0000
  LV Status              NOT available
  LV Size                100.00 MiB
  Current LE             25
  Segments               1
  Allocation             inherit
  Read ahead sectors     auto
   
  --- Logical volume ---
  LV Path                /dev/ubuntu-vg/ubuntu-lv
  LV Name                ubuntu-lv
  VG Name                ubuntu-vg
  LV UUID                MIM8jE-suzA-DdyA-Fpph-LZvY-Wykg-woNGBm
  LV Write Access        read/write
  LV Creation host, time ubuntu-server, 2026-04-09 00:01:15 +0000
  LV Status              available
  # open                 1
  LV Size                23.47 GiB
  Current LE             6009
  Segments               1
  Allocation             inherit
  Read ahead sectors     auto
  - currently set to     256
  Block device           252:0
   
