# command: pvs 2>&1; pvdisplay 2>&1
# rc: 0
# requires_root: True
# fetched: 2026-04-28T06:44:04.808175+00:00
#
Goodmit0802!
Goodmit0802!
  PV         VG        Fmt  Attr PSize   PFree  
  /dev/sda3  ubuntu-vg lvm2 a--  <46.95g  23.47g
  /dev/sdb1  vg_data   lvm2 a--  <50.00g <19.90g
  --- Physical volume ---
  PV Name               /dev/sdb1
  VG Name               vg_data
  PV Size               <50.00 GiB / not usable 3.00 MiB
  Allocatable           yes 
  PE Size               4.00 MiB
  Total PE              12799
  Free PE               5094
  Allocated PE          7705
  PV UUID               C9A8KA-2M5P-pyoA-nh3S-kgpl-79my-WFzFFj
   
  --- Physical volume ---
  PV Name               /dev/sda3
  VG Name               ubuntu-vg
  PV Size               <46.95 GiB / not usable 3.00 MiB
  Allocatable           yes 
  PE Size               4.00 MiB
  Total PE              12018
  Free PE               6009
  Allocated PE          6009
  PV UUID               KoIEfX-6iRo-QiNH-C9sv-mLCm-0mSx-s7P8f9
   
