# command: lvs 2>&1; lvdisplay 2>&1
# rc: 0
# requires_root: True
# fetched: 2026-04-28T06:44:03.152405+00:00
#
Goodmit0802!
  LV     VG      Attr       LSize  Pool Origin Data%  Meta%  Move Log Cpy%Sync Convert
  root   rhel    -wi-ao---- 43.41g                                                    
  swap   rhel    -wi-ao----  5.00g                                                    
  lv_log vg_data -wi-ao---- 30.00g                                                    
  --- Logical volume ---
  LV Path                /dev/rhel/swap
  LV Name                swap
  VG Name                rhel
  LV UUID                1XLy9Y-o8qS-8AIX-xM4k-3dB2-5mD5-9axHMO
  LV Write Access        read/write
  LV Creation host, time localhost.localdomain, 2026-04-08 20:12:27 -0400
  LV Status              available
  # open                 2
  LV Size                5.00 GiB
  Current LE             1280
  Segments               1
  Allocation             inherit
  Read ahead sectors     auto
  - currently set to     256
  Block device           253:1
   
  --- Logical volume ---
  LV Path                /dev/rhel/root
  LV Name                root
  VG Name                rhel
  LV UUID                MEG6G0-hR3I-iL0s-uIlk-acvR-crlu-sFyNQd
  LV Write Access        read/write
  LV Creation host, time localhost.localdomain, 2026-04-08 20:12:27 -0400
  LV Status              available
  # open                 1
  LV Size                43.41 GiB
  Current LE             11113
  Segments               1
  Allocation             inherit
  Read ahead sectors     auto
  - currently set to     256
  Block device           253:0
   
  --- Logical volume ---
  LV Path                /dev/vg_data/lv_log
  LV Name                lv_log
  VG Name                vg_data
  LV UUID                xdIgVa-EVgm-RRqa-X2lM-1ygc-1caS-BYyMbY
  LV Write Access        read/write
  LV Creation host, time localhost.localdomain, 2026-04-13 19:55:46 -0400
  LV Status              available
  # open                 1
  LV Size                30.00 GiB
  Current LE             7680
  Segments               1
  Allocation             inherit
  Read ahead sectors     auto
  - currently set to     256
  Block device           253:2
   
