# command: vgs 2>&1; vgdisplay 2>&1
# rc: 0
# requires_root: True
# fetched: 2026-04-28T06:44:02.695217+00:00
#
Goodmit0802!
  VG      #PV #LV #SN Attr   VSize   VFree  
  rhel      1   2   0 wz--n-  48.41g      0 
  vg_data   1   1   0 wz--n- <50.00g <20.00g
  --- Volume group ---
  VG Name               rhel
  System ID             
  Format                lvm2
  Metadata Areas        1
  Metadata Sequence No  3
  VG Access             read/write
  VG Status             resizable
  MAX LV                0
  Cur LV                2
  Open LV               2
  Max PV                0
  Cur PV                1
  Act PV                1
  VG Size               48.41 GiB
  PE Size               4.00 MiB
  Total PE              12393
  Alloc PE / Size       12393 / 48.41 GiB
  Free  PE / Size       0 / 0   
  VG UUID               VDs00o-KYpQ-b7gY-kJ3l-2xva-nmVK-d818vA
   
  --- Volume group ---
  VG Name               vg_data
  System ID             
  Format                lvm2
  Metadata Areas        1
  Metadata Sequence No  6
  VG Access             read/write
  VG Status             resizable
  MAX LV                0
  Cur LV                1
  Open LV               1
  Max PV                0
  Cur PV                1
  Act PV                1
  VG Size               <50.00 GiB
  PE Size               4.00 MiB
  Total PE              12799
  Alloc PE / Size       7680 / 30.00 GiB
  Free  PE / Size       5119 / <20.00 GiB
  VG UUID               mOI7XN-qau6-ERqT-KF6t-yl5m-p8Fn-1R60Hr
   
