# command: for d in $(lsblk -dno NAME | grep -E '^(sd|nvme|hd)'); do echo '=== /dev/'$d' ==='; smartctl -a /dev/$d 2>&1; done
# rc: 4
# requires_root: True
# fetched: 2026-04-28T06:44:01.129534+00:00
#
Goodmit0802!
=== /dev/sda ===
smartctl 7.2 2020-12-30 r5155 [x86_64-linux-5.14.0-570.12.1.el9_6.x86_64] (local build)
Copyright (C) 2002-20, Bruce Allen, Christian Franke, www.smartmontools.org

=== START OF INFORMATION SECTION ===
Vendor:               VMware
Product:              Virtual disk
Revision:             2.0
Compliance:           SPC-4
User Capacity:        53,687,091,200 bytes [53.6 GB]
Logical block size:   512 bytes
LU is thin provisioned, LBPRZ=1
Rotation Rate:        15000 rpm
Device type:          disk
Local Time is:        Tue Apr 28 02:44:01 2026 EDT
SMART support is:     Unavailable - device lacks SMART capability.

=== START OF READ SMART DATA SECTION ===
Current Drive Temperature:     0 C
Drive Trip Temperature:        0 C

Error Counter logging not supported

Device does not support Self Test logging
=== /dev/sdb ===
smartctl 7.2 2020-12-30 r5155 [x86_64-linux-5.14.0-570.12.1.el9_6.x86_64] (local build)
Copyright (C) 2002-20, Bruce Allen, Christian Franke, www.smartmontools.org

=== START OF INFORMATION SECTION ===
Vendor:               VMware
Product:              Virtual disk
Revision:             2.0
Compliance:           SPC-4
User Capacity:        53,687,091,200 bytes [53.6 GB]
Logical block size:   512 bytes
LU is thin provisioned, LBPRZ=1
Rotation Rate:        15000 rpm
Device type:          disk
Local Time is:        Tue Apr 28 02:44:01 2026 EDT
SMART support is:     Unavailable - device lacks SMART capability.

=== START OF READ SMART DATA SECTION ===
Current Drive Temperature:     0 C
Drive Trip Temperature:        0 C

Error Counter logging not supported

Device does not support Self Test logging
